(cosyvoice) 
# root @ iZ2zeew6687miuyy0njky1Z in ~/cosy-voice on git:bf16-dev x [22:54:54] 
$ lscpu
Architecture:                x86_64
  CPU op-mode(s):            32-bit, 64-bit
  Address sizes:             52 bits physical, 57 bits virtual
  Byte Order:                Little Endian
CPU(s):                      96
  On-line CPU(s) list:       0-95
Vendor ID:                   GenuineIntel
  Model name:                Intel(R) Xeon(R) Platinum 8575C
    CPU family:              6
    Model:                   207
    Thread(s) per core:      2
    Core(s) per socket:      48
    Socket(s):               1
    Stepping:                2
    CPU max MHz:             4000.0000
    CPU min MHz:             800.0000
    BogoMIPS:                5600.00
    Flags:                   fpu vme de pse tsc msr pae mce cx8 apic sep mtrr pge mca cmov pat pse36 clflush mmx fxsr sse sse2 ss ht syscall nx pdpe1gb rdtscp lm constant_tsc arch_perfmon rep
                             _good nopl xtopology nonstop_tsc cpuid aperfmperf tsc_known_freq pni pclmulqdq monitor ssse3 fma cx16 pdcm pcid sse4_1 sse4_2 x2apic movbe popcnt aes xsave avx f1
                             6c rdrand hypervisor lahf_lm abm 3dnowprefetch cpuid_fault invpcid_single ssbd ibrs_enhanced fsgsbase tsc_adjust bmi1 hle avx2 smep bmi2 erms invpcid rtm avx512f 
                             avx512dq rdseed adx smap avx512ifma clflushopt clwb avx512cd sha_ni avx512bw avx512vl xsaveopt xsavec xgetbv1 xsaves avx_vnni avx512_bf16 wbnoinvd ida arat hwp hw
                             p_notify hwp_act_window hwp_epp hwp_pkg_req avx512vbmi umip pku ospke waitpkg avx512_vbmi2 gfni vaes vpclmulqdq avx512_vnni avx512_bitalg avx512_vpopcntdq rdpid b
                             us_lock_detect cldemote movdiri movdir64b enqcmd fsrm md_clear serialize tsxldtrk amx_bf16 avx512_fp16 amx_tile amx_int8 flush_l1d arch_capabilities
Virtualization features:     
  Hypervisor vendor:         KVM
  Virtualization type:       full
Caches (sum of all):         
  L1d:                       2.3 MiB (48 instances)
  L1i:                       1.5 MiB (48 instances)
  L2:                        96 MiB (48 instances)
  L3:                        320 MiB (1 instance)
NUMA:                        
  NUMA node(s):              1
  NUMA node0 CPU(s):         0-95
Vulnerabilities:             
  Gather data sampling:      Not affected
  Indirect target selection: Mitigation; Aligned branch/return thunks
  Itlb multihit:             Not affected
  L1tf:                      Not affected
  Mds:                       Not affected
  Meltdown:                  Not affected
  Mmio stale data:           Unknown: No mitigations
  Reg file data sampling:    Not affected
  Retbleed:                  Not affected
  Spec rstack overflow:      Not affected
  Spec store bypass:         Mitigation; Speculative Store Bypass disabled via prctl and seccomp
  Spectre v1:                Mitigation; usercopy/swapgs barriers and __user pointer sanitization
  Spectre v2:                Mitigation; Enhanced / Automatic IBRS; PBRSB-eIBRS SW sequence; BHI SW loop, KVM SW loop
  Srbds:                     Not affected
  Tsx async abort:           Not affected